format_version = 1

[benchmark]
id = "phase-2-native-input-x86_64-pc-windows-msvc"
workload = "native input and the public Rust common flow"
phase = "2"
status = "harness-output"
normative = false
measurements_recorded = true
# A committed profile under docs/benchmarks/ carries the budgets.

[profile]
fixture = "crates/platform/windows dedicated and ordinary fixture Rust sources plus shared protocol"
fixture_sha256 = "8b0525f1cd0313723a1aee1c9e11db35d3a71605a6cadd1cb70a321390d764dc"
release_target = "x86_64-pc-windows-msvc"
hardware = "Intel Core i7-12700KF, 12 cores/20 threads, 32 GiB, NVIDIA GeForce RTX 4080"
os_version = "Windows 11 Pro 10.0.26200 (build 26200)"
build_profile = "cargo bench, default features, debug_assertions=false; fixture cargo build --release"
warmup_iterations = 5
sample_count = 50
correctness_oracle = "every retained sample checks frame identity/content, transition state, receipt/event sequence, or complete common-flow outcome as its measurement states"
queue_policy = "session latest-wins queue depth 1; bounded input sequence executes serially"
notes = "source commit fd71a3f9e08d1eada50b53cf4b47d830e92b60d2, tree 0267816de8c18a98bacf66c7ab455c8a18143650; toolchain rustc 1.97.1; MSVC 19.44.35228; CMake 3.29.5; OpenCV 4.14.0; GPU/driver NVIDIA GeForce RTX 4080 driver 32.0.15.9186 (2026-01-20); display topology two 2560x1440 logical displays side by side; primary at (0,0), secondary at (-2560,0); GPU reports 3840x2160 at 120 Hz; permissions/signing Windows exposes no separate capture/input permission; unelevated interactive local process; unsigned candidate fixtures and MSVC C/C++ executables; fixture path deliberately omitted; C/C++ peak_allocated_bytes counts only harness-side Rust allocations, while peak_resident_bytes is the child process peak reported by the native OS after owned-handle cleanup"

[[measurement]]
workload = "input_request_receipt"
correctness_oracle = "the complete two-event receipt corresponds to exactly one fixture key-down and key-up summary"
result_correctness = 0
latency_p50_ms = 0.187200
latency_p95_ms = 0.317000
iteration_span_ms = 0.199826
mapped_bytes_per_result = 0
peak_allocated_bytes = 2341370
steady_allocated_bytes = 2341183
allocated_growth_bytes = 0

[[measurement]]
workload = "ordinary_window_queue_submission"
correctness_oracle = "one ordinary exact-window pointer event crosses current-target pre/post fences, reports queue admission, and reaches only the selected fixture"
result_correctness = 0
latency_p50_ms = 0.199900
latency_p95_ms = 0.306000
iteration_span_ms = 0.222460
mapped_bytes_per_result = 0
peak_allocated_bytes = 45105
steady_allocated_bytes = 44940
allocated_growth_bytes = 1020

[[measurement]]
workload = "ordinary_window_button_submission"
correctness_oracle = "one pointer move followed by a two-unit primary-button event crosses the production route and reaches only the selected ordinary fixture"
result_correctness = 0
latency_p50_ms = 0.487300
latency_p95_ms = 0.791300
iteration_span_ms = 0.540018
mapped_bytes_per_result = 0
peak_allocated_bytes = 45760
steady_allocated_bytes = 45100
allocated_growth_bytes = 1180

[[measurement]]
workload = "ordinary_window_max_sequence"
correctness_oracle = "the maximum accepted 256-event sequence crosses the ordinary production route, reports every submission, and reaches only the selected ordinary fixture"
result_correctness = 0
latency_p50_ms = 47.356100
latency_p95_ms = 51.264600
iteration_span_ms = 47.632850
mapped_bytes_per_result = 0
peak_allocated_bytes = 66685
steady_allocated_bytes = 45100
allocated_growth_bytes = 0

[[measurement]]
workload = "rust_common_flow"
correctness_oracle = "fresh open, frame, mapping, exact fixture input, receipt, and close all complete"
result_correctness = 0
latency_p50_ms = 108.497200
latency_p95_ms = 116.587500
iteration_span_ms = 117.989096
mapped_bytes_per_result = 2322488
peak_allocated_bytes = 2336196
steady_allocated_bytes = 11004
allocated_growth_bytes = 0

[[measurement]]
workload = "c_process_load"
correctness_oracle = "a fresh C process loads and negotiates the released ABI without opening native capabilities"
result_correctness = 0
latency_p50_ms = 13.833200
latency_p95_ms = 14.734500
iteration_span_ms = 13.863788
mapped_bytes_per_result = 0
peak_allocated_bytes = 42504
steady_allocated_bytes = 155
allocated_growth_bytes = 0
peak_resident_bytes = 12996608

[[measurement]]
workload = "c_common_flow"
correctness_oracle = "the released C ABI performs the same bounded fixture flow in a fresh process"
result_correctness = 0
latency_p50_ms = 228.299700
latency_p95_ms = 234.098400
iteration_span_ms = 241.854284
mapped_bytes_per_result = 2322488
peak_allocated_bytes = 68171
steady_allocated_bytes = 155
allocated_growth_bytes = 0
peak_resident_bytes = 54730752

[[measurement]]
workload = "cpp_process_load"
correctness_oracle = "a fresh C++ process loads its wrapper and negotiates the released ABI without opening native capabilities"
result_correctness = 0
latency_p50_ms = 13.944600
latency_p95_ms = 14.571500
iteration_span_ms = 14.010714
mapped_bytes_per_result = 0
peak_allocated_bytes = 42528
steady_allocated_bytes = 159
allocated_growth_bytes = 0
peak_resident_bytes = 13135872

[[measurement]]
workload = "cpp_common_flow"
correctness_oracle = "the released C++ wrapper performs the same bounded fixture flow in a fresh process"
result_correctness = 0
latency_p50_ms = 228.542600
latency_p95_ms = 235.819300
iteration_span_ms = 242.432290
mapped_bytes_per_result = 2322488
peak_allocated_bytes = 68203
steady_allocated_bytes = 159
allocated_growth_bytes = 0
peak_resident_bytes = 54784000
